<testsuites id="" name="" tests="1" failures="0" skipped="0" errors="0" time="21.382098000000003">
<testsuite name="purchase-orderTest.spec.js" timestamp="2025-10-23T11:52:12.592Z" hostname="chromium" tests="1" failures="0" skipped="0" time="7.013" errors="0">
<testcase name="Purchase Order › Approval PO › verify accept or reject approval PO" classname="purchase-orderTest.spec.js" time="7.013">
<system-out>
<![CDATA[Current hostname is: qa.zillit.com
[INFO] 2025-10-23T11:52:23.667Z - QA environment is started...
]]>
</system-out>
</testcase>
</testsuite>
</testsuites>